// Jest Snapshot v1, https://goo.gl/fbAQLP

exports[`App -> render 1`] = `
<View
  style={
    Object {
      "backgroundColor": "#000000",
      "flex": 1,
    }
  }
>
  <View
    style={
      Array [
        Object {
          "flex": 1,
          "overflow": "hidden",
        },
        undefined,
      ]
    }
  >
    <RNCWebView
      bounce={false}
      cacheEnabled={true}
      domStorageEnabled={true}
      javaScriptEnabled={true}
      messagingEnabled={false}
      onContentProcessDidTerminate={[Function]}
      onHttpError={[Function]}
      onLoadingError={[Function]}
      onLoadingFinish={[Function]}
      onLoadingProgress={[Function]}
      onLoadingStart={[Function]}
      onMessage={[Function]}
      onShouldStartLoadWithRequest={[Function]}
      scrollEnabled={true}
      source={
        Object {
          "uri": "https://ipwa-app.web.app?app=true",
        }
      }
      startInLoadingState={true}
      style={
        Array [
          Object {
            "flex": 1,
            "overflow": "hidden",
          },
          Object {
            "backgroundColor": "#ffffff",
          },
          Object {
            "backgroundColor": "#000000",
            "height": "100%",
            "marginTop": 30,
          },
        ]
      }
      useSharedProcessPool={true}
      useWebKit={true}
      userAgent="Mozilla/5.0 (Linux; Android 7.0; SM-G930V Build/NRD90M) AppleWebKit/537.36 (KHTML, like Gecko) Chrome/59.0.3071.125 Mobile Safari/537.36"
    />
    <View
      accessibilityIgnoresInvertColors={true}
      style={
        Object {
          "backgroundColor": "#000000",
          "height": "100%",
          "marginTop": -30,
          "width": "100%",
        }
      }
    >
      <Image
        source={
          Object {
            "uri": "https://ipwa-app.web.app/img/splash.png",
          }
        }
        style={
          Array [
            Object {
              "bottom": 0,
              "left": 0,
              "position": "absolute",
              "right": 0,
              "top": 0,
            },
            Object {
              "height": "100%",
              "width": "100%",
            },
            undefined,
          ]
        }
      />
    </View>
  </View>
</View>
`;
